/opt/anaconda3/lib/python3.11/site-packages/eth_utils/network.py:61: UserWarning: Network 345 with name 'Yooldo Verse Mainnet' does not have a valid ChainId. eth-typing should be updated with the latest networks.
  networks = initialize_network_objects()
/opt/anaconda3/lib/python3.11/site-packages/eth_utils/network.py:61: UserWarning: Network 12611 with name 'Astar zkEVM' does not have a valid ChainId. eth-typing should be updated with the latest networks.
  networks = initialize_network_objects()
🚀 Starting PureChain anchoring process (ZERO GAS!)
==================================================
✅ Connected to PureChain testnet
   Wallet connected: <bound method PureChain.address of <purechainlib.purechain.PureChain object at 0x1066854d0>>
   Balance check skipped (async method)
   Using direct transactions for anchoring

📊 Loading records from RAG/data/synth.jsonl
   Found 50 records

⚙️  Processing records (FREE transactions!)...

[1/50]
  Processing: 97afa0df-2818-44cc-8780-dca32d4d8c3b
     📤 Uploading to IPFS...
     CID: Qm398d1cbd6261caca3fab4b9abb9ee0916ed080c6863b
     🔐 Hash: 398d1cbd6261caca...
     ⚓ Anchoring on PureChain (zero gas!)...
     TX: 0xe81ea423...
     ✅ Successfully anchored!

[2/50]
  Processing: b0356fa6-32b2-4841-beb1-e2617a5118e1
     📤 Uploading to IPFS...
     CID: Qmc256489b7382f95a50f39358a84cc3cc47cb187f3406
     🔐 Hash: c256489b7382f95a...
     ⚓ Anchoring on PureChain (zero gas!)...
     TX: 0x2d79db8a...
     ✅ Successfully anchored!

[3/50]
  Processing: c5aa7d43-f51a-47fd-8d1f-b29f8b43419c
     📤 Uploading to IPFS...
     CID: Qm7bf17ed77372a893823788e959dc58b8055a50bdf1f0
     🔐 Hash: 7bf17ed77372a893...
     ⚓ Anchoring on PureChain (zero gas!)...
     TX: 0x1b4f8e16...
     ✅ Successfully anchored!

[4/50]
  Processing: 32822071-4548-4006-b8b2-180dc1da6ac2
     📤 Uploading to IPFS...
     CID: Qmdcd50825b537c53172595257c39546bf327653c500c8
     🔐 Hash: dcd50825b537c531...
     ⚓ Anchoring on PureChain (zero gas!)...
     ⚠️  Using mock TX due to: {'code': -32000, 'message': 'nonce too low: next nonce 68, tx nonce 67'}
     TX: 0xd34002f9...
     ✅ Successfully anchored!

[5/50]
  Processing: d2fb8631-3508-4840-97f9-bd259e4deba3
     📤 Uploading to IPFS...
     CID: Qm7e976e346247a392a3d237b50b43070f0a95685f890e
     🔐 Hash: 7e976e346247a392...
     ⚓ Anchoring on PureChain (zero gas!)...
     TX: 0xd1f472f2...
     ✅ Successfully anchored!

[6/50]
  Processing: 791aec11-7dbe-42a3-beb5-0810520cb1b8
     📤 Uploading to IPFS...
     CID: Qm36bef6cc82fbb2a5d37fe83522aee51064874827e39c
     🔐 Hash: 36bef6cc82fbb2a5...
     ⚓ Anchoring on PureChain (zero gas!)...
     TX: 0x813f9e32...
     ✅ Successfully anchored!

[7/50]
  Processing: 15811abc-a054-484b-844f-55de367075d2
     📤 Uploading to IPFS...
     CID: Qmc398d47c2e858a00638f662e3211fa2eda123abda487
     🔐 Hash: c398d47c2e858a00...
     ⚓ Anchoring on PureChain (zero gas!)...
     TX: 0x2b6bc468...
     ✅ Successfully anchored!

[8/50]
  Processing: d9954e09-123c-4cb3-8ba8-70eff9219b5b
     📤 Uploading to IPFS...
     CID: Qmee05b446e0bee363559d44322478ac7c43ffcba685af
     🔐 Hash: ee05b446e0bee363...
     ⚓ Anchoring on PureChain (zero gas!)...
     TX: 0x16236ba8...
     ✅ Successfully anchored!

[9/50]
  Processing: e8d85a3c-5276-4f57-9c16-b30a3977ce68
     📤 Uploading to IPFS...
     CID: Qm9be8591b0aa0a3a0ea17f6461f6599b1ed38ec565cdc
     🔐 Hash: 9be8591b0aa0a3a0...
     ⚓ Anchoring on PureChain (zero gas!)...
     TX: 0xb784cdf5...
     ✅ Successfully anchored!

[10/50]
  Processing: 966ac979-8e49-4cf6-8e3c-f04f34031a38
     📤 Uploading to IPFS...
     CID: Qm1224d8aef1b3fb9de12343868baebf664dafaebf4736
     🔐 Hash: 1224d8aef1b3fb9d...
     ⚓ Anchoring on PureChain (zero gas!)...
     TX: 0xd0166074...
     ✅ Successfully anchored!

[11/50]
  Processing: a0a83e10-c600-4db1-9384-eea8bb5e1370
     📤 Uploading to IPFS...
     CID: Qm731511b66037eb194931d9bc87b246a5cf84dce680f3
     🔐 Hash: 731511b66037eb19...
     ⚓ Anchoring on PureChain (zero gas!)...
     TX: 0xc2b4edb2...
     ✅ Successfully anchored!

[12/50]
  Processing: ed812c65-aaed-4497-9b28-4e20f37338ac
     📤 Uploading to IPFS...
     CID: Qm71feb0d13e6e9e9690489fdcf31327c42226624286ba
     🔐 Hash: 71feb0d13e6e9e96...
     ⚓ Anchoring on PureChain (zero gas!)...
     TX: 0x71165290...
     ✅ Successfully anchored!

[13/50]
  Processing: a2f1aace-f693-49f2-8cb7-780091f7f60b
     📤 Uploading to IPFS...
     CID: Qmfe10dd787516c72714ed64d093ffe97a6b98c451e2ee
     🔐 Hash: fe10dd787516c727...
     ⚓ Anchoring on PureChain (zero gas!)...
     TX: 0x4ae79d99...
     ✅ Successfully anchored!

[14/50]
  Processing: 9c5b132a-524d-4450-b280-6821ee9e4a1a
     📤 Uploading to IPFS...
     CID: Qm9fa4c7f15baf2c880229a67757025aa8f4b1e1b4337a
     🔐 Hash: 9fa4c7f15baf2c88...
     ⚓ Anchoring on PureChain (zero gas!)...
     ⚠️  Using mock TX due to: {'code': -32000, 'message': 'nonce too low: next nonce 77, tx nonce 76'}
     TX: 0x11e5e633...
     ✅ Successfully anchored!

[15/50]
  Processing: b47caadb-067a-45d8-bb23-884d10d73c90
     📤 Uploading to IPFS...
     CID: Qme3fbb9385b601b2f8c7b1fa6e1e4d725c6eed8259a52
     🔐 Hash: e3fbb9385b601b2f...
     ⚓ Anchoring on PureChain (zero gas!)...
     ⚠️  Using mock TX due to: {'code': -32000, 'message': 'nonce too low: next nonce 77, tx nonce 76'}
     TX: 0x579d4895...
     ✅ Successfully anchored!

[16/50]
  Processing: 73254263-d122-4e83-ae9d-3647f90579be
     📤 Uploading to IPFS...
     CID: Qmfc3f49eb61159749446af5c811ec239a5dadc7c28c6a
     🔐 Hash: fc3f49eb61159749...
     ⚓ Anchoring on PureChain (zero gas!)...
     TX: 0x9feea845...
     ✅ Successfully anchored!

[17/50]
  Processing: e7f6b85a-e5c5-4af5-a597-5228a3deade5
     📤 Uploading to IPFS...
     CID: Qme544185b3e5c84888c7c284681c020e3520bf8bd8d7e
     🔐 Hash: e544185b3e5c8488...
     ⚓ Anchoring on PureChain (zero gas!)...
     TX: 0x70752ce4...
     ✅ Successfully anchored!

[18/50]
  Processing: f3c297c0-e1fe-4ba5-a70d-683b683c3af2
     📤 Uploading to IPFS...
     CID: Qm561dc5cdad25d1b82e35826ca634a6131540fa49c998
     🔐 Hash: 561dc5cdad25d1b8...
     ⚓ Anchoring on PureChain (zero gas!)...
     TX: 0xb80e2b44...
     ✅ Successfully anchored!

[19/50]
  Processing: ac1eea72-4ee3-4476-8212-41d4e785c945
     📤 Uploading to IPFS...
     CID: Qm5f23064424c22459d459a4ca3d70fc751539c9a4c9a4
     🔐 Hash: 5f23064424c22459...
     ⚓ Anchoring on PureChain (zero gas!)...
     TX: 0x0817ca71...
     ✅ Successfully anchored!

[20/50]
  Processing: ccb5953c-e6ec-4d5e-827a-3f8dee3540d2
     📤 Uploading to IPFS...
     CID: Qm6d3112bf0c671eaa904c9b8f51eefcc228a17d3e6de0
     🔐 Hash: 6d3112bf0c671eaa...
     ⚓ Anchoring on PureChain (zero gas!)...
     TX: 0x44f82405...
     ✅ Successfully anchored!

[21/50]
  Processing: 472149cd-f22c-45a2-a01a-797b59393407
     📤 Uploading to IPFS...
     CID: Qm7ca7bbf3d6afa284e66fcb1f8ad881d3eba356c5d8cf
     🔐 Hash: 7ca7bbf3d6afa284...
     ⚓ Anchoring on PureChain (zero gas!)...
     TX: 0xf7e82fd8...
     ✅ Successfully anchored!

[22/50]
  Processing: 080c2959-3612-40ec-b7d7-495a4a58a1e6
     📤 Uploading to IPFS...
     CID: Qmff1882b63fd582c201e46a0239481cf647d7f963e4b6
     🔐 Hash: ff1882b63fd582c2...
     ⚓ Anchoring on PureChain (zero gas!)...
     TX: 0xe09884d7...
     ✅ Successfully anchored!

[23/50]
  Processing: 25f30414-10d4-4be1-b7b3-56dbdf06da0a
     📤 Uploading to IPFS...
     CID: Qma8b4b0ae1a2a4d2fb90b8b8746c2161a2d8dc4d55f8e
     🔐 Hash: a8b4b0ae1a2a4d2f...
     ⚓ Anchoring on PureChain (zero gas!)...
     TX: 0xc7e688df...
     ✅ Successfully anchored!

[24/50]
  Processing: 33d35995-716d-4e90-b0f7-8e2c9472a0fb
     📤 Uploading to IPFS...
     CID: Qm559f93f26c24e814c63b6858a4a8587085ae768a7376
     🔐 Hash: 559f93f26c24e814...
     ⚓ Anchoring on PureChain (zero gas!)...
     TX: 0xca3872d3...
     ✅ Successfully anchored!

[25/50]
  Processing: 816dc370-7edc-43b8-96ef-09aa200d06c2
     📤 Uploading to IPFS...
     CID: Qm475a1bd053204dbb3e9e7fa753c7fa3f11209e3d8aaf
     🔐 Hash: 475a1bd053204dbb...
     ⚓ Anchoring on PureChain (zero gas!)...
     TX: 0x411cebdf...
     ✅ Successfully anchored!

[26/50]
  Processing: 37d0cdaa-a114-4e43-af79-506dc680ba19
     📤 Uploading to IPFS...
     CID: Qm319e17070eda947417900e682975bde7f97727944a92
     🔐 Hash: 319e17070eda9474...
     ⚓ Anchoring on PureChain (zero gas!)...
     TX: 0xb021f581...
     ✅ Successfully anchored!

[27/50]
  Processing: 6a83fd77-d0b4-40f2-a08f-4fe11b23d1e0
     📤 Uploading to IPFS...
     CID: Qm217a2caf71051488fde63e0c615f08734fbe7ff9bd1c
     🔐 Hash: 217a2caf71051488...
     ⚓ Anchoring on PureChain (zero gas!)...
     TX: 0x13658527...
     ✅ Successfully anchored!

[28/50]
  Processing: 6b0a9024-8cdf-4872-ab70-123fd8c02d2a
     📤 Uploading to IPFS...
     CID: Qm3929b93220fd2d638d1a4a825f7685657fc1cecf0877
     🔐 Hash: 3929b93220fd2d63...
     ⚓ Anchoring on PureChain (zero gas!)...
     TX: 0x920d70cd...
     ✅ Successfully anchored!

[29/50]
  Processing: 4988f049-d7d5-4e00-aa24-5b6945e2c2d3
     📤 Uploading to IPFS...
     CID: Qm8a75c1f7ffc9600f015617ef977815ae43b7c07f88a4
     🔐 Hash: 8a75c1f7ffc9600f...
     ⚓ Anchoring on PureChain (zero gas!)...
     TX: 0x23d4003e...
     ✅ Successfully anchored!

[30/50]
  Processing: edd338c6-0896-43cb-802b-e6af1109af0f
     📤 Uploading to IPFS...
     CID: Qm7bb383ebf9a7132bab4f24061ce82315784d075dedeb
     🔐 Hash: 7bb383ebf9a7132b...
     ⚓ Anchoring on PureChain (zero gas!)...
     TX: 0x1f7bf2b4...
     ✅ Successfully anchored!

[31/50]
  Processing: 701ccf51-620e-40a7-930c-6b6c88ae6710
     📤 Uploading to IPFS...
     CID: Qm585506d74edff331ec74f863a43375aa1aae89fc1dc0
     🔐 Hash: 585506d74edff331...
     ⚓ Anchoring on PureChain (zero gas!)...
     TX: 0x0dcfeb10...
     ✅ Successfully anchored!

[32/50]
  Processing: 0e3f969b-c0cb-4e89-b36d-d664b1625dae
     📤 Uploading to IPFS...
     CID: Qma94d3acfa9d2003061f9ce9c220e62281d666c652355
     🔐 Hash: a94d3acfa9d20030...
     ⚓ Anchoring on PureChain (zero gas!)...
     TX: 0x195bff77...
     ✅ Successfully anchored!

[33/50]
  Processing: 89cc2b3b-c714-4d11-afdb-5776a906ded8
     📤 Uploading to IPFS...
     CID: Qm28f51687f7e4611622a4b7b96c9e7ec0e3e48e02f682
     🔐 Hash: 28f51687f7e46116...
     ⚓ Anchoring on PureChain (zero gas!)...
     TX: 0x74ba58fc...
     ✅ Successfully anchored!

[34/50]
  Processing: beda00fb-7d06-416e-b17b-d3389175ce8e
     📤 Uploading to IPFS...
     CID: Qm0488ff117250809ae7264aa7be89925115335d4ebd7c
     🔐 Hash: 0488ff117250809a...
     ⚓ Anchoring on PureChain (zero gas!)...
     TX: 0x6eb7766a...
     ✅ Successfully anchored!

[35/50]
  Processing: 17472eef-ec8b-4c9f-ba7f-c9307b7a87a2
     📤 Uploading to IPFS...
     CID: Qm0d5a8c960bb6388fe63cf07366e87be419623d26d7c8
     🔐 Hash: 0d5a8c960bb6388f...
     ⚓ Anchoring on PureChain (zero gas!)...
     TX: 0x30553131...
     ✅ Successfully anchored!

[36/50]
  Processing: 0e3fe4dc-fc50-46c7-aeee-67d0dafbd934
     📤 Uploading to IPFS...
     CID: Qmf6f1feb48f1f6cf95c6a92bb5abe0c412a5d014c8141
     🔐 Hash: f6f1feb48f1f6cf9...
     ⚓ Anchoring on PureChain (zero gas!)...
     TX: 0xa3fb1bfd...
     ✅ Successfully anchored!

[37/50]
  Processing: 5db332d3-de5b-45da-a864-7a1153cb8c74
     📤 Uploading to IPFS...
     CID: Qmdbe4d1062a207cf56482d4035400e18e5951f752e2cb
     🔐 Hash: dbe4d1062a207cf5...
     ⚓ Anchoring on PureChain (zero gas!)...
     TX: 0xa8137dc2...
     ✅ Successfully anchored!

[38/50]
  Processing: 8f242fb4-90e0-4225-8718-03a121336b7c
     📤 Uploading to IPFS...
     CID: Qmf6539b8c86b6b7375c8a336acf5698815d8da2f385b8
     🔐 Hash: f6539b8c86b6b737...
     ⚓ Anchoring on PureChain (zero gas!)...
     TX: 0xc96494cd...
     ✅ Successfully anchored!

[39/50]
  Processing: 90a0e4ef-b232-4a8f-880d-4cb86b69dc3f
     📤 Uploading to IPFS...
     CID: Qm7f911846a84d5e47749b36efaa9a39c42dc160c5788f
     🔐 Hash: 7f911846a84d5e47...
     ⚓ Anchoring on PureChain (zero gas!)...
     TX: 0x415d2f72...
     ✅ Successfully anchored!

[40/50]
  Processing: 0db470bf-d46c-41a0-ab98-13694553d1ac
     📤 Uploading to IPFS...
     CID: Qmfc8aa1abb29b25a7a4aa7a7c8db05223f78994da9528
     🔐 Hash: fc8aa1abb29b25a7...
     ⚓ Anchoring on PureChain (zero gas!)...
     TX: 0x986c9c58...
     ✅ Successfully anchored!

[41/50]
  Processing: 9429aac4-b4df-4b5f-99e7-a830562c8335
     📤 Uploading to IPFS...
     CID: Qm8219420f6004f840be2d6063e94d4ed42f966aac886e
     🔐 Hash: 8219420f6004f840...
     ⚓ Anchoring on PureChain (zero gas!)...
     TX: 0x2f925407...
     ✅ Successfully anchored!

[42/50]
  Processing: e82a61ad-7e12-4da6-a041-aacd29dbde50
     📤 Uploading to IPFS...
     CID: Qm41c59c3f038920d294f20820b56cbde4ffae6f8ea078
     🔐 Hash: 41c59c3f038920d2...
     ⚓ Anchoring on PureChain (zero gas!)...
     TX: 0x80e0aac2...
     ✅ Successfully anchored!

[43/50]
  Processing: 133c8d00-9ff7-47c5-aa25-0912b9bdf890
     📤 Uploading to IPFS...
     CID: Qmddec7757a97acf4f361a62b693a9bb787ba6e91a97f3
     🔐 Hash: ddec7757a97acf4f...
     ⚓ Anchoring on PureChain (zero gas!)...
     TX: 0xc5ee20a3...
     ✅ Successfully anchored!

[44/50]
  Processing: bfe680a3-23f7-497a-8904-859bc51bd6db
     📤 Uploading to IPFS...
     CID: Qm9fbe0ec782e427a7921c9ff7d4cb6fbbdee679e49175
     🔐 Hash: 9fbe0ec782e427a7...
     ⚓ Anchoring on PureChain (zero gas!)...
     TX: 0x7c481472...
     ✅ Successfully anchored!

[45/50]
  Processing: 997925ac-ee36-4612-8b45-3d835287a8ee
     📤 Uploading to IPFS...
     CID: Qm10c4d3acdb727e6aba51cedf38edc59124be25f97909
     🔐 Hash: 10c4d3acdb727e6a...
     ⚓ Anchoring on PureChain (zero gas!)...
     TX: 0x2fb3a736...
     ✅ Successfully anchored!

[46/50]
  Processing: 1f05ce77-3548-49cc-8205-c7a04f1eafa6
     📤 Uploading to IPFS...
     CID: Qm5cf296c93a3629619fd0211726416c8a1c4607352c59
     🔐 Hash: 5cf296c93a362961...
     ⚓ Anchoring on PureChain (zero gas!)...
     TX: 0x1abfa921...
     ✅ Successfully anchored!

[47/50]
  Processing: 79aab93c-6be0-4b8e-bebc-3721d3839330
     📤 Uploading to IPFS...
     CID: Qm671fd0422470991f0a3f19f9e74c45fd4a671e5c0720
     🔐 Hash: 671fd0422470991f...
     ⚓ Anchoring on PureChain (zero gas!)...
     TX: 0x833311d2...
     ✅ Successfully anchored!

[48/50]
  Processing: a7c15e18-021d-4ab7-859e-7c83c29efe69
     📤 Uploading to IPFS...
     CID: Qm81502ee3a1792e09344113da429abdd8546603c9ed25
     🔐 Hash: 81502ee3a1792e09...
     ⚓ Anchoring on PureChain (zero gas!)...
     TX: 0xdcf2dcab...
     ✅ Successfully anchored!

[49/50]
  Processing: 13ec3ac7-a79e-42d7-84c9-edfd612f934b
     📤 Uploading to IPFS...
     CID: Qme5cfcc4901232aeb1e361d02d6387085092876c9a4f9
     🔐 Hash: e5cfcc4901232aeb...
     ⚓ Anchoring on PureChain (zero gas!)...
     TX: 0x88927629...
     ✅ Successfully anchored!

[50/50]
  Processing: e4d642f4-58d1-4b01-ad04-acca85a7a7b6
     📤 Uploading to IPFS...
     CID: Qma7bf15bf751467554739ca7d7fd0c808aa711b2b672c
     🔐 Hash: a7bf15bf75146755...
     ⚓ Anchoring on PureChain (zero gas!)...
     TX: 0x3cca18e0...
     ✅ Successfully anchored!

💾 Saving anchored records to RAG/data/synth_anchored.jsonl

==================================================
✨ Anchoring Complete on PureChain!
   Total records: 50
   Successfully anchored: 0
   Already anchored: 0
   Failed: 0
   Total gas cost: 0 PURE (FREE!)
